/Users/gabriel.psouza/Desktop/mydelivery-api/src/main/java/com/mydelivery/MydeliveryApiApplication.java
/Users/gabriel.psouza/Desktop/mydelivery-api/src/main/java/com/mydelivery/config/AmpliarColunasMigration.java
/Users/gabriel.psouza/Desktop/mydelivery-api/src/main/java/com/mydelivery/config/CacheConfig.java
/Users/gabriel.psouza/Desktop/mydelivery-api/src/main/java/com/mydelivery/config/CloudinaryConfig.java
/Users/gabriel.psouza/Desktop/mydelivery-api/src/main/java/com/mydelivery/config/CorrelationIdFilter.java
/Users/gabriel.psouza/Desktop/mydelivery-api/src/main/java/com/mydelivery/config/EvolutionProperties.java
/Users/gabriel.psouza/Desktop/mydelivery-api/src/main/java/com/mydelivery/config/FixProdutoTipoMigration.java
/Users/gabriel.psouza/Desktop/mydelivery-api/src/main/java/com/mydelivery/config/FlywayConfig.java
/Users/gabriel.psouza/Desktop/mydelivery-api/src/main/java/com/mydelivery/config/IfoodProperties.java
/Users/gabriel.psouza/Desktop/mydelivery-api/src/main/java/com/mydelivery/config/MercadoPagoProperties.java
/Users/gabriel.psouza/Desktop/mydelivery-api/src/main/java/com/mydelivery/config/MetaCapiProperties.java
/Users/gabriel.psouza/Desktop/mydelivery-api/src/main/java/com/mydelivery/config/WebConfig.java
/Users/gabriel.psouza/Desktop/mydelivery-api/src/main/java/com/mydelivery/controller/AdminController.java
/Users/gabriel.psouza/Desktop/mydelivery-api/src/main/java/com/mydelivery/controller/AssinaturaController.java
/Users/gabriel.psouza/Desktop/mydelivery-api/src/main/java/com/mydelivery/controller/AuthController.java
/Users/gabriel.psouza/Desktop/mydelivery-api/src/main/java/com/mydelivery/controller/BalcaoController.java
/Users/gabriel.psouza/Desktop/mydelivery-api/src/main/java/com/mydelivery/controller/BannerController.java
/Users/gabriel.psouza/Desktop/mydelivery-api/src/main/java/com/mydelivery/controller/CardapioController.java
/Users/gabriel.psouza/Desktop/mydelivery-api/src/main/java/com/mydelivery/controller/CardapioImportController.java
/Users/gabriel.psouza/Desktop/mydelivery-api/src/main/java/com/mydelivery/controller/CarrinhoAbandonadoController.java
/Users/gabriel.psouza/Desktop/mydelivery-api/src/main/java/com/mydelivery/controller/ChamadaGarcomController.java
/Users/gabriel.psouza/Desktop/mydelivery-api/src/main/java/com/mydelivery/controller/ClienteController.java
/Users/gabriel.psouza/Desktop/mydelivery-api/src/main/java/com/mydelivery/controller/ComboController.java
/Users/gabriel.psouza/Desktop/mydelivery-api/src/main/java/com/mydelivery/controller/ComplementoController.java
/Users/gabriel.psouza/Desktop/mydelivery-api/src/main/java/com/mydelivery/controller/CompraController.java
/Users/gabriel.psouza/Desktop/mydelivery-api/src/main/java/com/mydelivery/controller/ConfiguracaoController.java
/Users/gabriel.psouza/Desktop/mydelivery-api/src/main/java/com/mydelivery/controller/CupomController.java
/Users/gabriel.psouza/Desktop/mydelivery-api/src/main/java/com/mydelivery/controller/EntregadorAppController.java
/Users/gabriel.psouza/Desktop/mydelivery-api/src/main/java/com/mydelivery/controller/EntregadorAuthController.java
/Users/gabriel.psouza/Desktop/mydelivery-api/src/main/java/com/mydelivery/controller/EntregadorController.java
/Users/gabriel.psouza/Desktop/mydelivery-api/src/main/java/com/mydelivery/controller/EstoqueController.java
/Users/gabriel.psouza/Desktop/mydelivery-api/src/main/java/com/mydelivery/controller/FichaTecnicaController.java
/Users/gabriel.psouza/Desktop/mydelivery-api/src/main/java/com/mydelivery/controller/FidelidadeController.java
/Users/gabriel.psouza/Desktop/mydelivery-api/src/main/java/com/mydelivery/controller/GarcomController.java
/Users/gabriel.psouza/Desktop/mydelivery-api/src/main/java/com/mydelivery/controller/GrupoComplementoModeloController.java
/Users/gabriel.psouza/Desktop/mydelivery-api/src/main/java/com/mydelivery/controller/IfoodController.java
/Users/gabriel.psouza/Desktop/mydelivery-api/src/main/java/com/mydelivery/controller/IfoodWebhookController.java
/Users/gabriel.psouza/Desktop/mydelivery-api/src/main/java/com/mydelivery/controller/ImportacaoCardapioController.java
/Users/gabriel.psouza/Desktop/mydelivery-api/src/main/java/com/mydelivery/controller/MercadoPagoWebhookController.java
/Users/gabriel.psouza/Desktop/mydelivery-api/src/main/java/com/mydelivery/controller/MesaController.java
/Users/gabriel.psouza/Desktop/mydelivery-api/src/main/java/com/mydelivery/controller/PagamentoController.java
/Users/gabriel.psouza/Desktop/mydelivery-api/src/main/java/com/mydelivery/controller/PedidoController.java
/Users/gabriel.psouza/Desktop/mydelivery-api/src/main/java/com/mydelivery/controller/PublicController.java
/Users/gabriel.psouza/Desktop/mydelivery-api/src/main/java/com/mydelivery/controller/PushController.java
/Users/gabriel.psouza/Desktop/mydelivery-api/src/main/java/com/mydelivery/controller/RelatorioController.java
/Users/gabriel.psouza/Desktop/mydelivery-api/src/main/java/com/mydelivery/controller/RestauranteFotoController.java
/Users/gabriel.psouza/Desktop/mydelivery-api/src/main/java/com/mydelivery/controller/SuporteController.java
/Users/gabriel.psouza/Desktop/mydelivery-api/src/main/java/com/mydelivery/controller/UploadController.java
/Users/gabriel.psouza/Desktop/mydelivery-api/src/main/java/com/mydelivery/controller/WhatsappController.java
/Users/gabriel.psouza/Desktop/mydelivery-api/src/main/java/com/mydelivery/controller/WhatsappHealthController.java
/Users/gabriel.psouza/Desktop/mydelivery-api/src/main/java/com/mydelivery/controller/WhatsappIncidenteController.java
/Users/gabriel.psouza/Desktop/mydelivery-api/src/main/java/com/mydelivery/controller/WhatsappWebhookController.java
/Users/gabriel.psouza/Desktop/mydelivery-api/src/main/java/com/mydelivery/dto/admin/BloquearRestauranteRequest.java
/Users/gabriel.psouza/Desktop/mydelivery-api/src/main/java/com/mydelivery/dto/admin/DashboardAdminResponse.java
/Users/gabriel.psouza/Desktop/mydelivery-api/src/main/java/com/mydelivery/dto/admin/RestauranteAdminResponse.java
/Users/gabriel.psouza/Desktop/mydelivery-api/src/main/java/com/mydelivery/dto/auth/CadastroRequest.java
/Users/gabriel.psouza/Desktop/mydelivery-api/src/main/java/com/mydelivery/dto/auth/LoginRequest.java
/Users/gabriel.psouza/Desktop/mydelivery-api/src/main/java/com/mydelivery/dto/auth/LoginResponse.java
/Users/gabriel.psouza/Desktop/mydelivery-api/src/main/java/com/mydelivery/dto/auth/RecuperarSenhaRequest.java
/Users/gabriel.psouza/Desktop/mydelivery-api/src/main/java/com/mydelivery/dto/auth/RedefinirSenhaRequest.java
/Users/gabriel.psouza/Desktop/mydelivery-api/src/main/java/com/mydelivery/dto/cardapio/CategoriaComProdutosResponse.java
/Users/gabriel.psouza/Desktop/mydelivery-api/src/main/java/com/mydelivery/dto/cardapio/CategoriaRequest.java
/Users/gabriel.psouza/Desktop/mydelivery-api/src/main/java/com/mydelivery/dto/cardapio/ImportacaoConfirmRequest.java
/Users/gabriel.psouza/Desktop/mydelivery-api/src/main/java/com/mydelivery/dto/cardapio/ImportacaoPreviewDTO.java
/Users/gabriel.psouza/Desktop/mydelivery-api/src/main/java/com/mydelivery/dto/cardapio/ProdutoRequest.java
/Users/gabriel.psouza/Desktop/mydelivery-api/src/main/java/com/mydelivery/dto/cardapio/ProdutoResponse.java
/Users/gabriel.psouza/Desktop/mydelivery-api/src/main/java/com/mydelivery/dto/cardapio/UltimoPedidoResponse.java
/Users/gabriel.psouza/Desktop/mydelivery-api/src/main/java/com/mydelivery/dto/carrinho/CarrinhoAbandonadoRequest.java
/Users/gabriel.psouza/Desktop/mydelivery-api/src/main/java/com/mydelivery/dto/carrinho/CarrinhoAbandonadoResponse.java
/Users/gabriel.psouza/Desktop/mydelivery-api/src/main/java/com/mydelivery/dto/cupom/CupomDTO.java
/Users/gabriel.psouza/Desktop/mydelivery-api/src/main/java/com/mydelivery/dto/cupom/ValidarCupomRequest.java
/Users/gabriel.psouza/Desktop/mydelivery-api/src/main/java/com/mydelivery/dto/cupom/ValidarCupomResponse.java
/Users/gabriel.psouza/Desktop/mydelivery-api/src/main/java/com/mydelivery/dto/entregador/AtualizarStatusEntregadorPedidoRequest.java
/Users/gabriel.psouza/Desktop/mydelivery-api/src/main/java/com/mydelivery/dto/entregador/AtualizarStatusEntregadorRequest.java
/Users/gabriel.psouza/Desktop/mydelivery-api/src/main/java/com/mydelivery/dto/entregador/EntregadorLoginRequest.java
/Users/gabriel.psouza/Desktop/mydelivery-api/src/main/java/com/mydelivery/dto/entregador/EntregadorResponse.java
/Users/gabriel.psouza/Desktop/mydelivery-api/src/main/java/com/mydelivery/dto/entregador/NovoEntregadorRequest.java
/Users/gabriel.psouza/Desktop/mydelivery-api/src/main/java/com/mydelivery/dto/estoque/CompraDTO.java
/Users/gabriel.psouza/Desktop/mydelivery-api/src/main/java/com/mydelivery/dto/estoque/FichaTecnicaDTO.java
/Users/gabriel.psouza/Desktop/mydelivery-api/src/main/java/com/mydelivery/dto/estoque/InsumoDTO.java
/Users/gabriel.psouza/Desktop/mydelivery-api/src/main/java/com/mydelivery/dto/estoque/MovimentacaoDTO.java
/Users/gabriel.psouza/Desktop/mydelivery-api/src/main/java/com/mydelivery/dto/estoque/RelatorioEstoqueDTO.java
/Users/gabriel.psouza/Desktop/mydelivery-api/src/main/java/com/mydelivery/dto/estoque/ViabilidadeDTO.java
/Users/gabriel.psouza/Desktop/mydelivery-api/src/main/java/com/mydelivery/dto/fidelidade/ProgramaFidelidadeDTO.java
/Users/gabriel.psouza/Desktop/mydelivery-api/src/main/java/com/mydelivery/dto/fidelidade/StatusClienteDTO.java
/Users/gabriel.psouza/Desktop/mydelivery-api/src/main/java/com/mydelivery/dto/mercadopago/MpPayer.java
/Users/gabriel.psouza/Desktop/mydelivery-api/src/main/java/com/mydelivery/dto/mercadopago/MpPaymentRequest.java
/Users/gabriel.psouza/Desktop/mydelivery-api/src/main/java/com/mydelivery/dto/mercadopago/MpPaymentResponse.java
/Users/gabriel.psouza/Desktop/mydelivery-api/src/main/java/com/mydelivery/dto/pagamento/PagarCartaoRequest.java
/Users/gabriel.psouza/Desktop/mydelivery-api/src/main/java/com/mydelivery/dto/pagamento/PagarPixRequest.java
/Users/gabriel.psouza/Desktop/mydelivery-api/src/main/java/com/mydelivery/dto/pedido/AtribuirEntregadorRequest.java
/Users/gabriel.psouza/Desktop/mydelivery-api/src/main/java/com/mydelivery/dto/pedido/AtualizarStatusRequest.java
/Users/gabriel.psouza/Desktop/mydelivery-api/src/main/java/com/mydelivery/dto/pedido/EditarPedidoRequest.java
/Users/gabriel.psouza/Desktop/mydelivery-api/src/main/java/com/mydelivery/dto/pedido/NovoPedidoRequest.java
/Users/gabriel.psouza/Desktop/mydelivery-api/src/main/java/com/mydelivery/dto/pedido/PedidoRequestDTO.java
/Users/gabriel.psouza/Desktop/mydelivery-api/src/main/java/com/mydelivery/dto/pedido/PedidoResponse.java
/Users/gabriel.psouza/Desktop/mydelivery-api/src/main/java/com/mydelivery/dto/publico/CategoriaPublicResponse.java
/Users/gabriel.psouza/Desktop/mydelivery-api/src/main/java/com/mydelivery/dto/publico/ProdutoPublicResponse.java
/Users/gabriel.psouza/Desktop/mydelivery-api/src/main/java/com/mydelivery/dto/publico/RestaurantePublicResponse.java
/Users/gabriel.psouza/Desktop/mydelivery-api/src/main/java/com/mydelivery/dto/relatorio/RelatorioFinanceiroDTO.java
/Users/gabriel.psouza/Desktop/mydelivery-api/src/main/java/com/mydelivery/dto/restaurante/ConfiguracaoRequest.java
/Users/gabriel.psouza/Desktop/mydelivery-api/src/main/java/com/mydelivery/equipe/AcaoAuditoria.java
/Users/gabriel.psouza/Desktop/mydelivery-api/src/main/java/com/mydelivery/equipe/AuditoriaService.java
/Users/gabriel.psouza/Desktop/mydelivery-api/src/main/java/com/mydelivery/equipe/Cargo.java
/Users/gabriel.psouza/Desktop/mydelivery-api/src/main/java/com/mydelivery/equipe/EquipeController.java
/Users/gabriel.psouza/Desktop/mydelivery-api/src/main/java/com/mydelivery/equipe/LogAuditoria.java
/Users/gabriel.psouza/Desktop/mydelivery-api/src/main/java/com/mydelivery/equipe/LogAuditoriaRepository.java
/Users/gabriel.psouza/Desktop/mydelivery-api/src/main/java/com/mydelivery/equipe/MembroEquipe.java
/Users/gabriel.psouza/Desktop/mydelivery-api/src/main/java/com/mydelivery/equipe/MembroEquipeRepository.java
/Users/gabriel.psouza/Desktop/mydelivery-api/src/main/java/com/mydelivery/equipe/MembroEquipeService.java
/Users/gabriel.psouza/Desktop/mydelivery-api/src/main/java/com/mydelivery/equipe/Permissao.java
/Users/gabriel.psouza/Desktop/mydelivery-api/src/main/java/com/mydelivery/equipe/PermissaoAspect.java
/Users/gabriel.psouza/Desktop/mydelivery-api/src/main/java/com/mydelivery/equipe/PermissaoContext.java
/Users/gabriel.psouza/Desktop/mydelivery-api/src/main/java/com/mydelivery/equipe/PermissaoRequerida.java
/Users/gabriel.psouza/Desktop/mydelivery-api/src/main/java/com/mydelivery/equipe/StatusMembro.java
/Users/gabriel.psouza/Desktop/mydelivery-api/src/main/java/com/mydelivery/exception/GlobalExceptionHandler.java
/Users/gabriel.psouza/Desktop/mydelivery-api/src/main/java/com/mydelivery/job/AlertaEstoqueJob.java
/Users/gabriel.psouza/Desktop/mydelivery-api/src/main/java/com/mydelivery/job/AssinaturaJob.java
/Users/gabriel.psouza/Desktop/mydelivery-api/src/main/java/com/mydelivery/job/AutoEntregueJob.java
/Users/gabriel.psouza/Desktop/mydelivery-api/src/main/java/com/mydelivery/job/CobrancaAutomaticaJob.java
/Users/gabriel.psouza/Desktop/mydelivery-api/src/main/java/com/mydelivery/job/HorarioLojaJob.java
/Users/gabriel.psouza/Desktop/mydelivery-api/src/main/java/com/mydelivery/job/IfoodPollingJob.java
/Users/gabriel.psouza/Desktop/mydelivery-api/src/main/java/com/mydelivery/job/KeepAliveJob.java
/Users/gabriel.psouza/Desktop/mydelivery-api/src/main/java/com/mydelivery/job/MesaEsquecidaJob.java
/Users/gabriel.psouza/Desktop/mydelivery-api/src/main/java/com/mydelivery/job/MigracaoEnumLengthJob.java
/Users/gabriel.psouza/Desktop/mydelivery-api/src/main/java/com/mydelivery/job/NormalizarTelefonesJob.java
/Users/gabriel.psouza/Desktop/mydelivery-api/src/main/java/com/mydelivery/job/WhatsappHealthJob.java
/Users/gabriel.psouza/Desktop/mydelivery-api/src/main/java/com/mydelivery/job/WhatsappReconnectJob.java
/Users/gabriel.psouza/Desktop/mydelivery-api/src/main/java/com/mydelivery/job/WhatsappWarmupJob.java
/Users/gabriel.psouza/Desktop/mydelivery-api/src/main/java/com/mydelivery/job/WhatsappWatchdogJob.java
/Users/gabriel.psouza/Desktop/mydelivery-api/src/main/java/com/mydelivery/model/Assinatura.java
/Users/gabriel.psouza/Desktop/mydelivery-api/src/main/java/com/mydelivery/model/BairroEntrega.java
/Users/gabriel.psouza/Desktop/mydelivery-api/src/main/java/com/mydelivery/model/Banner.java
/Users/gabriel.psouza/Desktop/mydelivery-api/src/main/java/com/mydelivery/model/CarrinhoAbandonado.java
/Users/gabriel.psouza/Desktop/mydelivery-api/src/main/java/com/mydelivery/model/Categoria.java
/Users/gabriel.psouza/Desktop/mydelivery-api/src/main/java/com/mydelivery/model/ChamadaGarcom.java
/Users/gabriel.psouza/Desktop/mydelivery-api/src/main/java/com/mydelivery/model/Cliente.java
/Users/gabriel.psouza/Desktop/mydelivery-api/src/main/java/com/mydelivery/model/ComboGrupo.java
/Users/gabriel.psouza/Desktop/mydelivery-api/src/main/java/com/mydelivery/model/ComboItem.java
/Users/gabriel.psouza/Desktop/mydelivery-api/src/main/java/com/mydelivery/model/ComplementoGrupo.java
/Users/gabriel.psouza/Desktop/mydelivery-api/src/main/java/com/mydelivery/model/ComplementoItem.java
/Users/gabriel.psouza/Desktop/mydelivery-api/src/main/java/com/mydelivery/model/Compra.java
/Users/gabriel.psouza/Desktop/mydelivery-api/src/main/java/com/mydelivery/model/CompraItem.java
/Users/gabriel.psouza/Desktop/mydelivery-api/src/main/java/com/mydelivery/model/ConfiguracaoRestaurante.java
/Users/gabriel.psouza/Desktop/mydelivery-api/src/main/java/com/mydelivery/model/Cupom.java
/Users/gabriel.psouza/Desktop/mydelivery-api/src/main/java/com/mydelivery/model/CupomUso.java
/Users/gabriel.psouza/Desktop/mydelivery-api/src/main/java/com/mydelivery/model/Entregador.java
/Users/gabriel.psouza/Desktop/mydelivery-api/src/main/java/com/mydelivery/model/FichaTecnicaItem.java
/Users/gabriel.psouza/Desktop/mydelivery-api/src/main/java/com/mydelivery/model/GrupoComplementoModelo.java
/Users/gabriel.psouza/Desktop/mydelivery-api/src/main/java/com/mydelivery/model/Insumo.java
/Users/gabriel.psouza/Desktop/mydelivery-api/src/main/java/com/mydelivery/model/MercadoPagoEventoProcessado.java
/Users/gabriel.psouza/Desktop/mydelivery-api/src/main/java/com/mydelivery/model/Mesa.java
/Users/gabriel.psouza/Desktop/mydelivery-api/src/main/java/com/mydelivery/model/MesaSessao.java
/Users/gabriel.psouza/Desktop/mydelivery-api/src/main/java/com/mydelivery/model/MovimentacaoEstoque.java
/Users/gabriel.psouza/Desktop/mydelivery-api/src/main/java/com/mydelivery/model/Pagamento.java
/Users/gabriel.psouza/Desktop/mydelivery-api/src/main/java/com/mydelivery/model/PagamentoMensalidade.java
/Users/gabriel.psouza/Desktop/mydelivery-api/src/main/java/com/mydelivery/model/PasswordResetToken.java
/Users/gabriel.psouza/Desktop/mydelivery-api/src/main/java/com/mydelivery/model/Pedido.java
/Users/gabriel.psouza/Desktop/mydelivery-api/src/main/java/com/mydelivery/model/PedidoItem.java
/Users/gabriel.psouza/Desktop/mydelivery-api/src/main/java/com/mydelivery/model/PedidoItemComplemento.java
/Users/gabriel.psouza/Desktop/mydelivery-api/src/main/java/com/mydelivery/model/Plano.java
/Users/gabriel.psouza/Desktop/mydelivery-api/src/main/java/com/mydelivery/model/PlanoCatalogo.java
/Users/gabriel.psouza/Desktop/mydelivery-api/src/main/java/com/mydelivery/model/PontosTransacao.java
/Users/gabriel.psouza/Desktop/mydelivery-api/src/main/java/com/mydelivery/model/Produto.java
/Users/gabriel.psouza/Desktop/mydelivery-api/src/main/java/com/mydelivery/model/ProgramaFidelidade.java
/Users/gabriel.psouza/Desktop/mydelivery-api/src/main/java/com/mydelivery/model/PushSubscription.java
/Users/gabriel.psouza/Desktop/mydelivery-api/src/main/java/com/mydelivery/model/Restaurante.java
/Users/gabriel.psouza/Desktop/mydelivery-api/src/main/java/com/mydelivery/model/SenhaBalcao.java
/Users/gabriel.psouza/Desktop/mydelivery-api/src/main/java/com/mydelivery/model/SuporteAnexo.java
/Users/gabriel.psouza/Desktop/mydelivery-api/src/main/java/com/mydelivery/model/SuporteMensagem.java
/Users/gabriel.psouza/Desktop/mydelivery-api/src/main/java/com/mydelivery/model/SuporteTicket.java
/Users/gabriel.psouza/Desktop/mydelivery-api/src/main/java/com/mydelivery/model/Usuario.java
/Users/gabriel.psouza/Desktop/mydelivery-api/src/main/java/com/mydelivery/model/UsuarioGarcom.java
/Users/gabriel.psouza/Desktop/mydelivery-api/src/main/java/com/mydelivery/model/WebhookEventoProcessado.java
/Users/gabriel.psouza/Desktop/mydelivery-api/src/main/java/com/mydelivery/model/WhatsappAcaoAutomatica.java
/Users/gabriel.psouza/Desktop/mydelivery-api/src/main/java/com/mydelivery/model/WhatsappHealthLog.java
/Users/gabriel.psouza/Desktop/mydelivery-api/src/main/java/com/mydelivery/model/WhatsappIncidente.java
/Users/gabriel.psouza/Desktop/mydelivery-api/src/main/java/com/mydelivery/model/WhatsappInstance.java
/Users/gabriel.psouza/Desktop/mydelivery-api/src/main/java/com/mydelivery/repository/AssinaturaRepository.java
/Users/gabriel.psouza/Desktop/mydelivery-api/src/main/java/com/mydelivery/repository/BannerRepository.java
/Users/gabriel.psouza/Desktop/mydelivery-api/src/main/java/com/mydelivery/repository/CarrinhoAbandonadoRepository.java
/Users/gabriel.psouza/Desktop/mydelivery-api/src/main/java/com/mydelivery/repository/CategoriaRepository.java
/Users/gabriel.psouza/Desktop/mydelivery-api/src/main/java/com/mydelivery/repository/ChamadaGarcomRepository.java
/Users/gabriel.psouza/Desktop/mydelivery-api/src/main/java/com/mydelivery/repository/ClienteRepository.java
/Users/gabriel.psouza/Desktop/mydelivery-api/src/main/java/com/mydelivery/repository/ComboGrupoRepository.java
/Users/gabriel.psouza/Desktop/mydelivery-api/src/main/java/com/mydelivery/repository/ComboItemRepository.java
/Users/gabriel.psouza/Desktop/mydelivery-api/src/main/java/com/mydelivery/repository/ComplementoGrupoRepository.java
/Users/gabriel.psouza/Desktop/mydelivery-api/src/main/java/com/mydelivery/repository/ComplementoItemRepository.java
/Users/gabriel.psouza/Desktop/mydelivery-api/src/main/java/com/mydelivery/repository/CompraRepository.java
/Users/gabriel.psouza/Desktop/mydelivery-api/src/main/java/com/mydelivery/repository/ConfiguracaoRestauranteRepository.java
/Users/gabriel.psouza/Desktop/mydelivery-api/src/main/java/com/mydelivery/repository/CupomRepository.java
/Users/gabriel.psouza/Desktop/mydelivery-api/src/main/java/com/mydelivery/repository/CupomUsoRepository.java
/Users/gabriel.psouza/Desktop/mydelivery-api/src/main/java/com/mydelivery/repository/EntregadorRepository.java
/Users/gabriel.psouza/Desktop/mydelivery-api/src/main/java/com/mydelivery/repository/FichaTecnicaItemRepository.java
/Users/gabriel.psouza/Desktop/mydelivery-api/src/main/java/com/mydelivery/repository/GrupoComplementoModeloRepository.java
/Users/gabriel.psouza/Desktop/mydelivery-api/src/main/java/com/mydelivery/repository/InsumoRepository.java
/Users/gabriel.psouza/Desktop/mydelivery-api/src/main/java/com/mydelivery/repository/MercadoPagoEventoProcessadoRepository.java
/Users/gabriel.psouza/Desktop/mydelivery-api/src/main/java/com/mydelivery/repository/MesaRepository.java
/Users/gabriel.psouza/Desktop/mydelivery-api/src/main/java/com/mydelivery/repository/MesaSessaoRepository.java
/Users/gabriel.psouza/Desktop/mydelivery-api/src/main/java/com/mydelivery/repository/MovimentacaoEstoqueRepository.java
/Users/gabriel.psouza/Desktop/mydelivery-api/src/main/java/com/mydelivery/repository/PagamentoMensalidadeRepository.java
/Users/gabriel.psouza/Desktop/mydelivery-api/src/main/java/com/mydelivery/repository/PagamentoRepository.java
/Users/gabriel.psouza/Desktop/mydelivery-api/src/main/java/com/mydelivery/repository/PasswordResetTokenRepository.java
/Users/gabriel.psouza/Desktop/mydelivery-api/src/main/java/com/mydelivery/repository/PedidoItemRepository.java
/Users/gabriel.psouza/Desktop/mydelivery-api/src/main/java/com/mydelivery/repository/PedidoRepository.java
/Users/gabriel.psouza/Desktop/mydelivery-api/src/main/java/com/mydelivery/repository/PlanoCatalogoRepository.java
/Users/gabriel.psouza/Desktop/mydelivery-api/src/main/java/com/mydelivery/repository/PontosTransacaoRepository.java
/Users/gabriel.psouza/Desktop/mydelivery-api/src/main/java/com/mydelivery/repository/ProdutoRepository.java
/Users/gabriel.psouza/Desktop/mydelivery-api/src/main/java/com/mydelivery/repository/ProgramaFidelidadeRepository.java
/Users/gabriel.psouza/Desktop/mydelivery-api/src/main/java/com/mydelivery/repository/PushSubscriptionRepository.java
/Users/gabriel.psouza/Desktop/mydelivery-api/src/main/java/com/mydelivery/repository/RestauranteRepository.java
/Users/gabriel.psouza/Desktop/mydelivery-api/src/main/java/com/mydelivery/repository/SenhaBalcaoRepository.java
/Users/gabriel.psouza/Desktop/mydelivery-api/src/main/java/com/mydelivery/repository/SuporteAnexoRepository.java
/Users/gabriel.psouza/Desktop/mydelivery-api/src/main/java/com/mydelivery/repository/SuporteMensagemRepository.java
/Users/gabriel.psouza/Desktop/mydelivery-api/src/main/java/com/mydelivery/repository/SuporteTicketRepository.java
/Users/gabriel.psouza/Desktop/mydelivery-api/src/main/java/com/mydelivery/repository/UsuarioGarcomRepository.java
/Users/gabriel.psouza/Desktop/mydelivery-api/src/main/java/com/mydelivery/repository/UsuarioRepository.java
/Users/gabriel.psouza/Desktop/mydelivery-api/src/main/java/com/mydelivery/repository/WebhookEventoProcessadoRepository.java
/Users/gabriel.psouza/Desktop/mydelivery-api/src/main/java/com/mydelivery/repository/WhatsappAcaoAutomaticaRepository.java
/Users/gabriel.psouza/Desktop/mydelivery-api/src/main/java/com/mydelivery/repository/WhatsappHealthLogRepository.java
/Users/gabriel.psouza/Desktop/mydelivery-api/src/main/java/com/mydelivery/repository/WhatsappIncidenteRepository.java
/Users/gabriel.psouza/Desktop/mydelivery-api/src/main/java/com/mydelivery/repository/WhatsappInstanceRepository.java
/Users/gabriel.psouza/Desktop/mydelivery-api/src/main/java/com/mydelivery/security/JwtAuthenticationFilter.java
/Users/gabriel.psouza/Desktop/mydelivery-api/src/main/java/com/mydelivery/security/JwtUtil.java
/Users/gabriel.psouza/Desktop/mydelivery-api/src/main/java/com/mydelivery/security/LoginRateLimitFilter.java
/Users/gabriel.psouza/Desktop/mydelivery-api/src/main/java/com/mydelivery/security/SecurityConfig.java
/Users/gabriel.psouza/Desktop/mydelivery-api/src/main/java/com/mydelivery/security/UserDetailsServiceImpl.java
/Users/gabriel.psouza/Desktop/mydelivery-api/src/main/java/com/mydelivery/service/AdminService.java
/Users/gabriel.psouza/Desktop/mydelivery-api/src/main/java/com/mydelivery/service/AssinaturaPagamentoService.java
/Users/gabriel.psouza/Desktop/mydelivery-api/src/main/java/com/mydelivery/service/AssinaturaService.java
/Users/gabriel.psouza/Desktop/mydelivery-api/src/main/java/com/mydelivery/service/AuthService.java
/Users/gabriel.psouza/Desktop/mydelivery-api/src/main/java/com/mydelivery/service/BalcaoService.java
/Users/gabriel.psouza/Desktop/mydelivery-api/src/main/java/com/mydelivery/service/CardapioReplicaService.java
/Users/gabriel.psouza/Desktop/mydelivery-api/src/main/java/com/mydelivery/service/CardapioService.java
/Users/gabriel.psouza/Desktop/mydelivery-api/src/main/java/com/mydelivery/service/CarrinhoAbandonadoService.java
/Users/gabriel.psouza/Desktop/mydelivery-api/src/main/java/com/mydelivery/service/CloudinaryService.java
/Users/gabriel.psouza/Desktop/mydelivery-api/src/main/java/com/mydelivery/service/CompraService.java
/Users/gabriel.psouza/Desktop/mydelivery-api/src/main/java/com/mydelivery/service/ConfiguracaoService.java
/Users/gabriel.psouza/Desktop/mydelivery-api/src/main/java/com/mydelivery/service/CupomService.java
/Users/gabriel.psouza/Desktop/mydelivery-api/src/main/java/com/mydelivery/service/EmailService.java
/Users/gabriel.psouza/Desktop/mydelivery-api/src/main/java/com/mydelivery/service/EntregadorAuthService.java
/Users/gabriel.psouza/Desktop/mydelivery-api/src/main/java/com/mydelivery/service/EntregadorService.java
/Users/gabriel.psouza/Desktop/mydelivery-api/src/main/java/com/mydelivery/service/EstoqueService.java
/Users/gabriel.psouza/Desktop/mydelivery-api/src/main/java/com/mydelivery/service/FichaTecnicaService.java
/Users/gabriel.psouza/Desktop/mydelivery-api/src/main/java/com/mydelivery/service/FidelidadeService.java
/Users/gabriel.psouza/Desktop/mydelivery-api/src/main/java/com/mydelivery/service/GarcomService.java
/Users/gabriel.psouza/Desktop/mydelivery-api/src/main/java/com/mydelivery/service/HorarioLojaService.java
/Users/gabriel.psouza/Desktop/mydelivery-api/src/main/java/com/mydelivery/service/ImportacaoCardapioService.java
/Users/gabriel.psouza/Desktop/mydelivery-api/src/main/java/com/mydelivery/service/PagamentoService.java
/Users/gabriel.psouza/Desktop/mydelivery-api/src/main/java/com/mydelivery/service/PedidoService.java
/Users/gabriel.psouza/Desktop/mydelivery-api/src/main/java/com/mydelivery/service/PlanoCatalogoService.java
/Users/gabriel.psouza/Desktop/mydelivery-api/src/main/java/com/mydelivery/service/ReconciliacaoAssinaturaJob.java
/Users/gabriel.psouza/Desktop/mydelivery-api/src/main/java/com/mydelivery/service/ReconciliacaoAssinaturaService.java
/Users/gabriel.psouza/Desktop/mydelivery-api/src/main/java/com/mydelivery/service/RelatorioFinanceiroService.java
/Users/gabriel.psouza/Desktop/mydelivery-api/src/main/java/com/mydelivery/service/SuporteService.java
/Users/gabriel.psouza/Desktop/mydelivery-api/src/main/java/com/mydelivery/service/WebPushService.java
/Users/gabriel.psouza/Desktop/mydelivery-api/src/main/java/com/mydelivery/service/WebhookDedupService.java
/Users/gabriel.psouza/Desktop/mydelivery-api/src/main/java/com/mydelivery/service/afiliados/AfiliadosWebhookService.java
/Users/gabriel.psouza/Desktop/mydelivery-api/src/main/java/com/mydelivery/service/afiliados/AutoindicacaoDetector.java
/Users/gabriel.psouza/Desktop/mydelivery-api/src/main/java/com/mydelivery/service/afiliados/AutoindicacaoException.java
/Users/gabriel.psouza/Desktop/mydelivery-api/src/main/java/com/mydelivery/service/cardapio/importacao/CardapioImportConfirmService.java
/Users/gabriel.psouza/Desktop/mydelivery-api/src/main/java/com/mydelivery/service/cardapio/importacao/CardapioImportService.java
/Users/gabriel.psouza/Desktop/mydelivery-api/src/main/java/com/mydelivery/service/cardapio/importacao/HtmlFetcher.java
/Users/gabriel.psouza/Desktop/mydelivery-api/src/main/java/com/mydelivery/service/cardapio/importacao/ImportException.java
/Users/gabriel.psouza/Desktop/mydelivery-api/src/main/java/com/mydelivery/service/cardapio/importacao/ImportNormalizer.java
/Users/gabriel.psouza/Desktop/mydelivery-api/src/main/java/com/mydelivery/service/cardapio/importacao/dto/CategoriaImportada.java
/Users/gabriel.psouza/Desktop/mydelivery-api/src/main/java/com/mydelivery/service/cardapio/importacao/dto/ProdutoImportado.java
/Users/gabriel.psouza/Desktop/mydelivery-api/src/main/java/com/mydelivery/service/cardapio/importacao/dto/ResultadoImport.java
/Users/gabriel.psouza/Desktop/mydelivery-api/src/main/java/com/mydelivery/service/cardapio/importacao/provider/AnotaaiImporter.java
/Users/gabriel.psouza/Desktop/mydelivery-api/src/main/java/com/mydelivery/service/cardapio/importacao/provider/CardapioImporter.java
/Users/gabriel.psouza/Desktop/mydelivery-api/src/main/java/com/mydelivery/service/cardapio/importacao/provider/GenericoHtmlImporter.java
/Users/gabriel.psouza/Desktop/mydelivery-api/src/main/java/com/mydelivery/service/cardapio/importacao/provider/IfoodImporter.java
/Users/gabriel.psouza/Desktop/mydelivery-api/src/main/java/com/mydelivery/service/cardapio/importacao/provider/JsonLdImporter.java
/Users/gabriel.psouza/Desktop/mydelivery-api/src/main/java/com/mydelivery/service/cardapio/importacao/provider/KeetaImporter.java
/Users/gabriel.psouza/Desktop/mydelivery-api/src/main/java/com/mydelivery/service/cardapio/importacao/provider/NextDataImporter.java
/Users/gabriel.psouza/Desktop/mydelivery-api/src/main/java/com/mydelivery/service/cardapio/importacao/provider/NoveFoodImporter.java
/Users/gabriel.psouza/Desktop/mydelivery-api/src/main/java/com/mydelivery/service/cardapio/importacao/provider/OlaclickImporter.java
/Users/gabriel.psouza/Desktop/mydelivery-api/src/main/java/com/mydelivery/service/ifood/IfoodClient.java
/Users/gabriel.psouza/Desktop/mydelivery-api/src/main/java/com/mydelivery/service/ifood/IfoodService.java
/Users/gabriel.psouza/Desktop/mydelivery-api/src/main/java/com/mydelivery/service/mercadopago/MercadoPagoClient.java
/Users/gabriel.psouza/Desktop/mydelivery-api/src/main/java/com/mydelivery/service/mercadopago/MercadoPagoSignatureValidator.java
/Users/gabriel.psouza/Desktop/mydelivery-api/src/main/java/com/mydelivery/service/mercadopago/MercadoPagoWebhookService.java
/Users/gabriel.psouza/Desktop/mydelivery-api/src/main/java/com/mydelivery/service/meta/MetaCapiService.java
/Users/gabriel.psouza/Desktop/mydelivery-api/src/main/java/com/mydelivery/service/whatsapp/BotVariations.java
/Users/gabriel.psouza/Desktop/mydelivery-api/src/main/java/com/mydelivery/service/whatsapp/EvolutionClient.java
/Users/gabriel.psouza/Desktop/mydelivery-api/src/main/java/com/mydelivery/service/whatsapp/WhatsappBotService.java
/Users/gabriel.psouza/Desktop/mydelivery-api/src/main/java/com/mydelivery/service/whatsapp/WhatsappHealthService.java
/Users/gabriel.psouza/Desktop/mydelivery-api/src/main/java/com/mydelivery/service/whatsapp/WhatsappIncidenteService.java
/Users/gabriel.psouza/Desktop/mydelivery-api/src/main/java/com/mydelivery/service/whatsapp/WhatsappService.java
/Users/gabriel.psouza/Desktop/mydelivery-api/src/main/java/com/mydelivery/util/BairroNormalizer.java
/Users/gabriel.psouza/Desktop/mydelivery-api/src/main/java/com/mydelivery/util/PixBrCodeGenerator.java
/Users/gabriel.psouza/Desktop/mydelivery-api/src/main/java/com/mydelivery/util/TelefoneUtil.java
/Users/gabriel.psouza/Desktop/mydelivery-api/src/main/java/com/mydelivery/util/UnidadeConversor.java
